log4j:WARN No appenders could be found for logger (org.eclipse.jgit.util.FS).
log4j:WARN Please initialize the log4j system properly.
java.lang.InterruptedException
	at org.eclipse.core.internal.jobs.Semaphore.acquire(Semaphore.java:29)
	at org.eclipse.core.internal.jobs.JobManager.join(JobManager.java:909)
	at org.eclipse.core.internal.jobs.InternalJob.join(InternalJob.java:341)
	at org.eclipse.core.runtime.jobs.Job.join(Job.java:458)
	at org.eclipse.linuxtools.internal.cdt.libhover.LibHover.getFunctionInfo(LibHover.java:388)
	at org.eclipse.cdt.internal.ui.text.CHelpSettings.getFunctionInfo(CHelpSettings.java:121)
	at org.eclipse.cdt.internal.ui.CHelpProviderManager.getFunctionInfo(CHelpProviderManager.java:163)
	at org.eclipse.cdt.internal.ui.text.c.hover.CDocHover.getHoverInfo(CDocHover.java:86)
	at org.eclipse.cdt.internal.ui.text.c.hover.AbstractCEditorTextHover.getHoverInfo2(AbstractCEditorTextHover.java:84)
	at org.eclipse.cdt.internal.ui.text.c.hover.BestMatchHover.getHoverInfo2(BestMatchHover.java:144)
	at org.eclipse.cdt.internal.ui.text.c.hover.CEditorTextHoverProxy.getHoverInfo2(CEditorTextHoverProxy.java:84)
	at org.eclipse.jface.text.TextViewerHoverManager$4.run(TextViewerHoverManager.java:166)
java.lang.InterruptedException
	at org.eclipse.core.internal.jobs.Semaphore.acquire(Semaphore.java:29)
	at org.eclipse.core.internal.jobs.JobManager.join(JobManager.java:909)
	at org.eclipse.core.internal.jobs.InternalJob.join(InternalJob.java:341)
	at org.eclipse.core.runtime.jobs.Job.join(Job.java:458)
	at org.eclipse.linuxtools.internal.cdt.libhover.LibHover.getFunctionInfo(LibHover.java:388)
	at org.eclipse.cdt.internal.ui.text.CHelpSettings.getFunctionInfo(CHelpSettings.java:121)
	at org.eclipse.cdt.internal.ui.CHelpProviderManager.getFunctionInfo(CHelpProviderManager.java:163)
	at org.eclipse.cdt.internal.ui.text.c.hover.CDocHover.getHoverInfo(CDocHover.java:86)
	at org.eclipse.cdt.internal.ui.text.c.hover.AbstractCEditorTextHover.getHoverInfo2(AbstractCEditorTextHover.java:84)
	at org.eclipse.cdt.internal.ui.text.c.hover.BestMatchHover.getHoverInfo2(BestMatchHover.java:144)
	at org.eclipse.cdt.internal.ui.text.c.hover.CEditorTextHoverProxy.getHoverInfo2(CEditorTextHoverProxy.java:84)
	at org.eclipse.jface.text.TextViewerHoverManager$4.run(TextViewerHoverManager.java:166)
java.lang.InterruptedException
	at org.eclipse.core.internal.jobs.Semaphore.acquire(Semaphore.java:29)
	at org.eclipse.core.internal.jobs.JobManager.join(JobManager.java:909)
	at org.eclipse.core.internal.jobs.InternalJob.join(InternalJob.java:341)
	at org.eclipse.core.runtime.jobs.Job.join(Job.java:458)
	at org.eclipse.linuxtools.internal.cdt.libhover.LibHover.getFunctionInfo(LibHover.java:388)
	at org.eclipse.cdt.internal.ui.text.CHelpSettings.getFunctionInfo(CHelpSettings.java:121)
	at org.eclipse.cdt.internal.ui.CHelpProviderManager.getFunctionInfo(CHelpProviderManager.java:163)
	at org.eclipse.cdt.internal.ui.text.c.hover.CDocHover.getHoverInfo(CDocHover.java:86)
	at org.eclipse.cdt.internal.ui.text.c.hover.AbstractCEditorTextHover.getHoverInfo2(AbstractCEditorTextHover.java:84)
	at org.eclipse.cdt.internal.ui.text.c.hover.BestMatchHover.getHoverInfo2(BestMatchHover.java:144)
	at org.eclipse.cdt.internal.ui.text.c.hover.CEditorTextHoverProxy.getHoverInfo2(CEditorTextHoverProxy.java:84)
	at org.eclipse.jface.text.TextViewerHoverManager$4.run(TextViewerHoverManager.java:166)
java.lang.InterruptedException
	at org.eclipse.core.internal.jobs.Semaphore.acquire(Semaphore.java:29)
	at org.eclipse.core.internal.jobs.JobManager.join(JobManager.java:909)
	at org.eclipse.core.internal.jobs.InternalJob.join(InternalJob.java:341)
	at org.eclipse.core.runtime.jobs.Job.join(Job.java:458)
	at org.eclipse.linuxtools.internal.cdt.libhover.LibHover.getFunctionInfo(LibHover.java:388)
	at org.eclipse.cdt.internal.ui.text.CHelpSettings.getFunctionInfo(CHelpSettings.java:121)
	at org.eclipse.cdt.internal.ui.CHelpProviderManager.getFunctionInfo(CHelpProviderManager.java:163)
	at org.eclipse.cdt.internal.ui.text.c.hover.CDocHover.getHoverInfo(CDocHover.java:86)
	at org.eclipse.cdt.internal.ui.text.c.hover.AbstractCEditorTextHover.getHoverInfo2(AbstractCEditorTextHover.java:84)
	at org.eclipse.cdt.internal.ui.text.c.hover.BestMatchHover.getHoverInfo2(BestMatchHover.java:144)
	at org.eclipse.cdt.internal.ui.text.c.hover.CEditorTextHoverProxy.getHoverInfo2(CEditorTextHoverProxy.java:84)
	at org.eclipse.jface.text.TextViewerHoverManager$4.run(TextViewerHoverManager.java:166)
java.lang.InterruptedException
	at org.eclipse.core.internal.jobs.Semaphore.acquire(Semaphore.java:29)
	at org.eclipse.core.internal.jobs.JobManager.join(JobManager.java:909)
	at org.eclipse.core.internal.jobs.InternalJob.join(InternalJob.java:341)
	at org.eclipse.core.runtime.jobs.Job.join(Job.java:458)
	at org.eclipse.linuxtools.internal.cdt.libhover.LibHover.getFunctionInfo(LibHover.java:388)
	at org.eclipse.cdt.internal.ui.text.CHelpSettings.getFunctionInfo(CHelpSettings.java:121)
	at org.eclipse.cdt.internal.ui.CHelpProviderManager.getFunctionInfo(CHelpProviderManager.java:163)
	at org.eclipse.cdt.internal.ui.text.c.hover.CDocHover.getHoverInfo(CDocHover.java:86)
	at org.eclipse.cdt.internal.ui.text.c.hover.AbstractCEditorTextHover.getHoverInfo2(AbstractCEditorTextHover.java:84)
	at org.eclipse.cdt.internal.ui.text.c.hover.BestMatchHover.getHoverInfo2(BestMatchHover.java:144)
	at org.eclipse.cdt.internal.ui.text.c.hover.CEditorTextHoverProxy.getHoverInfo2(CEditorTextHoverProxy.java:84)
	at org.eclipse.jface.text.TextViewerHoverManager$4.run(TextViewerHoverManager.java:166)
java.lang.InterruptedException
	at org.eclipse.core.internal.jobs.Semaphore.acquire(Semaphore.java:29)
	at org.eclipse.core.internal.jobs.JobManager.join(JobManager.java:909)
	at org.eclipse.core.internal.jobs.InternalJob.join(InternalJob.java:341)
	at org.eclipse.core.runtime.jobs.Job.join(Job.java:458)
	at org.eclipse.linuxtools.internal.cdt.libhover.LibHover.getFunctionInfo(LibHover.java:388)
	at org.eclipse.cdt.internal.ui.text.CHelpSettings.getFunctionInfo(CHelpSettings.java:121)
	at org.eclipse.cdt.internal.ui.CHelpProviderManager.getFunctionInfo(CHelpProviderManager.java:163)
	at org.eclipse.cdt.internal.ui.text.c.hover.CDocHover.getHoverInfo(CDocHover.java:86)
	at org.eclipse.cdt.internal.ui.text.c.hover.AbstractCEditorTextHover.getHoverInfo2(AbstractCEditorTextHover.java:84)
	at org.eclipse.cdt.internal.ui.text.c.hover.BestMatchHover.getHoverInfo2(BestMatchHover.java:144)
	at org.eclipse.cdt.internal.ui.text.c.hover.CEditorTextHoverProxy.getHoverInfo2(CEditorTextHoverProxy.java:84)
	at org.eclipse.jface.text.TextViewerHoverManager$4.run(TextViewerHoverManager.java:166)
